{
  "items": [
    {
      "id": "00000000-0000-4000-8000-0000000000a1",
      "runtime_session_id": "5a3e0c1d-0000-4000-8000-000000000001",
      "activity_id": "a1",
      "kind": "transcript",
      "name": "night.vtt",
      "content_type": "text/vtt",
      "size_bytes": 2048,
      "sha256": "abababababababababababababababababababababababababababababababab",
      "labels": {
        "site": "nord",
        "tags": [
          "dock",
          "night"
        ]
      },
      "producer": "deposit_api",
      "agent_id": null,
      "tool_name": null,
      "parent_artifact_id": null,
      "text_status": "extracted",
      "availability": "available",
      "legal_hold": false,
      "created_at": "2026-10-04T11:58:00Z",
      "content_block": {
        "type": "resource_link",
        "uri": "/api/v1/runtime-sessions/5a3e0c1d-0000-4000-8000-000000000001/artifacts/00000000-0000-4000-8000-0000000000a1",
        "name": "night.vtt",
        "mimeType": "text/vtt",
        "size": 2048,
        "_meta": {
          "preloop.dev/artifact": {
            "artifact_id": "00000000-0000-4000-8000-0000000000a1",
            "kind": "transcript",
            "labels": {
              "site": "nord"
            },
            "sha256": "abababababababababababababababababababababababababababababababab",
            "producer": "deposit_api"
          }
        }
      }
    },
    {
      "id": "00000000-0000-4000-8000-0000000000a2",
      "runtime_session_id": "5a3e0c1d-0000-4000-8000-000000000001",
      "activity_id": "a1",
      "kind": "transcript",
      "name": "late.vtt",
      "content_type": "text/vtt",
      "size_bytes": 2048,
      "sha256": "abababababababababababababababababababababababababababababababab",
      "labels": {
        "site": "nord",
        "tags": [
          "dock",
          "night"
        ]
      },
      "producer": "deposit_api",
      "agent_id": null,
      "tool_name": null,
      "parent_artifact_id": null,
      "text_status": "extracted",
      "availability": "available",
      "legal_hold": false,
      "created_at": "2026-10-03T12:00:00Z",
      "content_block": {
        "type": "resource_link",
        "uri": "/api/v1/runtime-sessions/5a3e0c1d-0000-4000-8000-000000000001/artifacts/00000000-0000-4000-8000-0000000000a2",
        "name": "late.vtt",
        "mimeType": "text/vtt",
        "size": 2048,
        "_meta": {
          "preloop.dev/artifact": {
            "artifact_id": "00000000-0000-4000-8000-0000000000a2",
            "kind": "transcript",
            "labels": {
              "site": "nord"
            },
            "sha256": "abababababababababababababababababababababababababababababababab",
            "producer": "deposit_api"
          }
        }
      }
    }
  ]
}
