ID                                    KIND        NAME       TYPE      SIZE     CREATED  STATE      LABELS
00000000-0000-4000-8000-0000000000a1  transcript  night.vtt  text/vtt  2.0 KiB  2m ago   available  site=nord tags=dock,night
00000000-0000-4000-8000-0000000000a2  transcript  late.vtt   text/vtt  2.0 KiB  24h ago  available  site=nord tags=dock,night
00000000-0000-4000-8000-0000000000a3  transcript  early.vtt  text/vtt  2.0 KiB  14d ago  available  site=nord tags=dock,night
